../Core/Src/freertos_port.c:187:14:pxPortInitialiseStack	24	static
../Core/Src/freertos_port.c:217:13:prvTaskExitError	16	static,ignoring_inline_asm
../Core/Src/freertos_port.c:242:6:vPortSVCHandler	0	static,ignoring_inline_asm
../Core/Src/freertos_port.c:261:13:prvPortStartFirstTask	0	static,ignoring_inline_asm
../Core/Src/freertos_port.c:287:12:xPortStartScheduler	8	static
../Core/Src/freertos_port.c:395:6:vPortEndScheduler	4	static
../Core/Src/freertos_port.c:403:6:vPortEnterCritical	16	static,ignoring_inline_asm
../Core/Src/freertos_port.c:420:6:vPortExitCritical	16	static,ignoring_inline_asm
../Core/Src/freertos_port.c:431:6:xPortPendSVHandler	0	static,ignoring_inline_asm
../Core/Src/freertos_port.c:488:6:xPortSysTickHandler	16	static,ignoring_inline_asm
../Core/Src/freertos_port.c:679:30:vPortSetupTimerInterrupt	4	static
../Core/Src/freertos_port.c:701:13:vPortEnableVFP	0	static,ignoring_inline_asm
