../Core/Src/main.c:145:5:main	16	static
../Core/Src/main.c:192:6:SystemClock_Config	88	static
../Core/Src/main.c:227:13:MX_GPIO_Init	40	static
../Core/Src/main.c:252:13:MX_USART1_UART_Init	8	static
../Core/Src/main.c:268:13:UartRxTask	160	static
../Core/Src/main.c:310:13:CommandTask	88	static
../Core/Src/main.c:332:13:ServoTask	120	static
../Core/Src/main.c:370:13:SafetyTask	32	static
../Core/Src/main.c:389:13:ParseCommand	16	static
../Core/Src/main.c:422:18:ParsePanDirection	16	static
../Core/Src/main.c:435:16:ParseIntField	32	static
../Core/Src/main.c:474:18:ParseTiltDirection	16	static
../Core/Src/main.c:487:13:ProcessCommand	24	static
../Core/Src/main.c:519:13:QueueServoCommand	32	static
../Core/Src/main.c:530:13:Servo_ApplyCommand	48	static
../Core/Src/main.c:577:13:Pid_Init	24	static
../Core/Src/main.c:585:13:Pid_Reset	16	static
../Core/Src/main.c:593:14:Pid_Update	40	static
../Core/Src/main.c:635:14:ClampFloat	24	static
../Core/Src/main.c:648:16:RoundFloat	16	static
../Core/Src/main.c:658:17:ClampPulse	16	static
../Core/Src/main.c:671:13:Servo_WriteFrame	24	static
../Core/Src/main.c:708:13:Delay_Us	24	static
../Core/Src/main.c:718:13:UART_SendText	16	static
../Core/Src/main.c:723:13:BlinkOk	8	static
../Core/Src/main.c:730:6:Error_Handler	4	static,ignoring_inline_asm
