../Core/Src/main.c:145:5:main	7
../Core/Src/main.c:192:6:SystemClock_Config	3
../Core/Src/main.c:227:13:MX_GPIO_Init	1
../Core/Src/main.c:252:13:MX_USART1_UART_Init	2
../Core/Src/main.c:268:13:UartRxTask	6
../Core/Src/main.c:310:13:CommandTask	3
../Core/Src/main.c:332:13:ServoTask	3
../Core/Src/main.c:370:13:SafetyTask	4
../Core/Src/main.c:389:13:ParseCommand	5
../Core/Src/main.c:422:18:ParsePanDirection	3
../Core/Src/main.c:435:16:ParseIntField	7
../Core/Src/main.c:474:18:ParseTiltDirection	3
../Core/Src/main.c:487:13:ProcessCommand	5
../Core/Src/main.c:519:13:QueueServoCommand	1
../Core/Src/main.c:530:13:Servo_ApplyCommand	6
../Core/Src/main.c:577:13:Pid_Init	1
../Core/Src/main.c:585:13:Pid_Reset	1
../Core/Src/main.c:593:14:Pid_Update	7
../Core/Src/main.c:635:14:ClampFloat	3
../Core/Src/main.c:648:16:RoundFloat	2
../Core/Src/main.c:658:17:ClampPulse	3
../Core/Src/main.c:671:13:Servo_WriteFrame	2
../Core/Src/main.c:708:13:Delay_Us	2
../Core/Src/main.c:718:13:UART_SendText	1
../Core/Src/main.c:723:13:BlinkOk	1
../Core/Src/main.c:730:6:Error_Handler	1
