../Core/Src/main.c:120:5:main	16	static
../Core/Src/main.c:167:6:SystemClock_Config	88	static
../Core/Src/main.c:202:13:MX_GPIO_Init	40	static
../Core/Src/main.c:227:13:MX_USART1_UART_Init	8	static
../Core/Src/main.c:243:13:UartRxTask	160	static
../Core/Src/main.c:285:13:CommandTask	88	static
../Core/Src/main.c:307:13:ServoTask	32	static
../Core/Src/main.c:328:13:SafetyTask	32	static
../Core/Src/main.c:347:13:ParseCommand	16	static
../Core/Src/main.c:380:18:ParsePanDirection	16	static
../Core/Src/main.c:393:16:ParseIntField	32	static
../Core/Src/main.c:432:18:ParseTiltDirection	16	static
../Core/Src/main.c:445:13:ProcessCommand	24	static
../Core/Src/main.c:477:13:QueueServoCommand	32	static
../Core/Src/main.c:488:13:Servo_ApplyCommand	32	static
../Core/Src/main.c:524:17:ErrorToStepUs	24	static
../Core/Src/main.c:537:17:AbsI16	16	static
../Core/Src/main.c:547:17:ClampPulse	16	static
../Core/Src/main.c:560:13:Servo_WriteFrame	24	static
../Core/Src/main.c:597:13:Delay_Us	24	static
../Core/Src/main.c:607:13:UART_SendText	16	static
../Core/Src/main.c:612:13:BlinkOk	8	static
../Core/Src/main.c:619:6:Error_Handler	4	static,ignoring_inline_asm
