../Core/Src/main.c:80:5:main	16	static
../Core/Src/main.c:133:6:SystemClock_Config	88	static
../Core/Src/main.c:168:13:MX_GPIO_Init	40	static
../Core/Src/main.c:185:13:MX_USART1_UART_Init	8	static
../Core/Src/main.c:201:13:UartRxTask	152	static
../Core/Src/main.c:245:13:CommandTask	88	static
../Core/Src/main.c:267:13:SafetyTask	88	static
../Core/Src/main.c:288:13:LedTask	24	static
../Core/Src/main.c:323:13:ParseCommand	16	static
../Core/Src/main.c:358:13:ProcessCommand	16	static
../Core/Src/main.c:407:13:UART_SendText	16	static
../Core/Src/main.c:412:13:QueueLedAction	16	static
../Core/Src/main.c:420:13:BlinkStatus	24	static
../Core/Src/main.c:431:6:Error_Handler	4	static,ignoring_inline_asm
