../Core/Src/main.c:78:5:main	8	static
../Core/Src/main.c:146:6:SystemClock_Config	88	static
../Core/Src/main.c:193:13:MX_USART2_UART_Init	8	static
../Core/Src/main.c:226:13:MX_GPIO_Init	48	static
../Core/Src/main.c:261:13:MX_TIM3_Init	64	static
../Core/Src/main.c:311:13:Servo_SetPulse	16	static
../Core/Src/main.c:325:13:UART_PollCommand	16	static
../Core/Src/main.c:358:13:UART_ProcessCommand	16	static
../Core/Src/main.c:396:13:UART_SendText	16	static
../Core/Src/main.c:401:13:BlinkStatus	24	static
../Core/Src/main.c:420:6:Error_Handler	4	static,ignoring_inline_asm
