../Core/Src/main.c:107:5:main	16	static
../Core/Src/main.c:154:6:SystemClock_Config	88	static
../Core/Src/main.c:189:13:MX_GPIO_Init	40	static
../Core/Src/main.c:214:13:MX_USART1_UART_Init	8	static
../Core/Src/main.c:230:13:UartRxTask	152	static
../Core/Src/main.c:272:13:CommandTask	88	static
../Core/Src/main.c:294:13:ServoTask	32	static
../Core/Src/main.c:315:13:SafetyTask	24	static
../Core/Src/main.c:334:13:ParseCommand	16	static
../Core/Src/main.c:365:18:ParsePanDirection	16	static
../Core/Src/main.c:378:18:ParseTiltDirection	16	static
../Core/Src/main.c:391:13:ProcessCommand	16	static
../Core/Src/main.c:423:13:QueueServoCommand	24	static
../Core/Src/main.c:432:13:Servo_ApplyCommand	24	static
../Core/Src/main.c:465:17:ClampPulse	16	static
../Core/Src/main.c:478:13:Servo_WriteFrame	24	static
../Core/Src/main.c:515:13:Delay_Us	24	static
../Core/Src/main.c:525:13:UART_SendText	16	static
../Core/Src/main.c:530:13:BlinkOk	8	static
../Core/Src/main.c:537:6:Error_Handler	4	static,ignoring_inline_asm
